{
    "data": {
        "record": {
            "date": "2020-04-15"
        }
    }
}
