{
    "data": {
        "record": {
            "money": "19900"
        }
    }
}
