{
    "data": {
        "record": {
            "id": "1",
            "name": "Alfred",
            "date": "2020-04-15",
            "dateTime": "2020-01-12T14:15:00+00:00",
            "uuid": "1c77f1e0-cd4a-4600-b449-26724b3cf1e1",
            "money": "19900",
            "amount": {
                "sum": "19900"
            }
        }
    }
}
